---
source: tests/collector_test.rs
expression: collector.errors
---
- Unsupported export declaration for whitelabel ./tests/fixtures/collector/reject_types/modules.tsx @5
- Unsupported export declaration for whitelabel ./tests/fixtures/collector/reject_types/modules.tsx @8
- Unsupported export declaration for whitelabel ./tests/fixtures/collector/reject_types/modules.tsx @11
