---
source: tests/collector_test.rs
expression: "collector.entries.iter_mut().map(|e|\n{\n    let to_rel =\n    env::with_config(|cfg|\n    {\n        util::compute_relative_import(cfg.cwd.as_path(),\n        PathBuf::from(&e.import_path).as_path(),)\n    }); e.import_path = to_rel.unwrap(); e\n}).collect::<Vec<&mut WhitelabelEntry>>()"
---
- target: def
  key: TITLE
  symbol: TITLE
  import_path: "./tests/fixtures/collector/accept_src/variables.tsx"
  _experiment_remark: "\"ELTIT\""
- target: wl
  key: TITLE_1
  symbol: TITLE_1
  import_path: "./tests/fixtures/collector/accept_src/variables.tsx"
  _experiment_remark: "\"1_ELTIT\""
- target: bunny
  key: TITLE_2
  symbol: TITLE_2
  import_path: "./tests/fixtures/collector/accept_src/variables.tsx"
  _experiment_remark: "\"2_ELTIT\""
- target: bunny
  key: TITLE_3
  symbol: TITLE_3
  import_path: "./tests/fixtures/collector/accept_src/variables.tsx"
  _experiment_remark: "\"3_ELTIT\""
- target: wl
  key: CFG_TITLE_3
  symbol: CFG_TITLE_3
  import_path: "./tests/fixtures/collector/accept_src/variables.tsx"
  _experiment_remark: "\"3_ELTIT_GFC\""
- target: bunny
  key: TITLE
  symbol: TITLE_4
  import_path: "./tests/fixtures/collector/accept_src/variables.tsx"
  _experiment_remark: "\"4_ELTIT\""
- target: bunny
  key: TITLE
  symbol: CFG_TITLE_4
  import_path: "./tests/fixtures/collector/accept_src/variables.tsx"
  _experiment_remark: "\"4_ELTIT_GFC\""
- target: bunny
  key: TITLE
  symbol: CFG_TITLE_4_1
  import_path: "./tests/fixtures/collector/accept_src/variables.tsx"
  _experiment_remark: "\"1_4_ELTIT_GFC\""
- target: wl
  key: TITLE
  symbol: CFG_TITLE_4_2
  import_path: "./tests/fixtures/collector/accept_src/variables.tsx"
  _experiment_remark: "\"2_4_ELTIT_GFC\""
- target: wl
  key: TITLE
  symbol: CFG_TITLE_4_3
  import_path: "./tests/fixtures/collector/accept_src/variables.tsx"
  _experiment_remark: "\"3_4_ELTIT_GFC\""
- target: def
  key: TITLE
  symbol: TITLE_5
  import_path: "./tests/fixtures/collector/accept_src/variables.tsx"
  _experiment_remark: "\"5_ELTIT\""
- target: a
  key: MULTIPLE_TARGETS
  symbol: MULTIPLE_TARGETS
  import_path: "./tests/fixtures/collector/accept_src/variables.tsx"
  _experiment_remark: "[\"a\", \"b\"]"
- target: b
  key: MULTIPLE_TARGETS
  symbol: MULTIPLE_TARGETS
  import_path: "./tests/fixtures/collector/accept_src/variables.tsx"
  _experiment_remark: "[\"a\", \"b\"]"
