---
source: tests/collector_test.rs
expression: e.to_string()
---
"- \"Unsupported export declaration for whitelabel ./tests/fixtures/collector/reject_types/interfaces.tsx @5\"\n- \"Unsupported export declaration for whitelabel ./tests/fixtures/collector/reject_types/interfaces.tsx @12\"\n- \"Unsupported export declaration for whitelabel ./tests/fixtures/collector/reject_types/interfaces.tsx @19\""
