---
source: tests/collector_test.rs
expression: collector.errors
---
- Unsupported export declaration for whitelabel /Users/intaniger/exploring/wl-extractor/tests/fixtures/collector/reject_src/class.tsx @6
- Unsupported export declaration for whitelabel /Users/intaniger/exploring/wl-extractor/tests/fixtures/collector/reject_src/class.tsx @11
