---
source: tests/collector_test.rs
expression: collector.errors
---
- Unsupported export declaration for whitelabel ./tests/fixtures/collector/reject_types/interfaces.tsx @5
- Unsupported export declaration for whitelabel ./tests/fixtures/collector/reject_types/interfaces.tsx @12
- Unsupported export declaration for whitelabel ./tests/fixtures/collector/reject_types/interfaces.tsx @19
